services/supabaseClient.ts(3,33): error TS2339: Property 'env' does not exist on type 'ImportMeta'.
services/supabaseClient.ts(4,37): error TS2339: Property 'env' does not exist on type 'ImportMeta'.
utils/audioUtils.ts(56,33): error TS2345: Argument of type 'ArrayBufferLike' is not assignable to parameter of type 'ArrayBuffer'.
  Type 'SharedArrayBuffer' is not assignable to type 'ArrayBuffer'.
    Types of property '[Symbol.toStringTag]' are incompatible.
      Type '"SharedArrayBuffer"' is not assignable to type '"ArrayBuffer"'.
